[html.themeholy.com/mediax/demo/home-aesthetic-dentistry.html]
[backblue.gif]
[fade.gif]
[index.html]
[html.themeholy.com/mediax/demo/assets/img/favicons/apple-icon-57x57.png]
[html.themeholy.com/mediax/demo/assets/img/favicons/apple-icon-60x60.png]
[html.themeholy.com/mediax/demo/assets/img/favicons/apple-icon-72x72.png]
[html.themeholy.com/mediax/demo/assets/img/favicons/apple-icon-76x76.png]
[html.themeholy.com/mediax/demo/assets/img/favicons/apple-icon-114x114.png]
[html.themeholy.com/mediax/demo/assets/img/favicons/apple-icon-120x120.png]
[html.themeholy.com/mediax/demo/assets/img/favicons/apple-icon-144x144.png]
[html.themeholy.com/mediax/demo/assets/img/favicons/apple-icon-152x152.png]
[html.themeholy.com/mediax/demo/assets/img/favicons/apple-icon-180x180.png]
[html.themeholy.com/mediax/demo/assets/img/favicons/android-icon-192x192.png]
[html.themeholy.com/mediax/demo/assets/img/favicons/favicon-32x32.png]
[html.themeholy.com/mediax/demo/assets/img/favicons/favicon-96x96.png]
[html.themeholy.com/mediax/demo/assets/img/favicons/favicon-16x16.png]
[html.themeholy.com/mediax/demo/assets/img/favicons/manifest.json]
[html.themeholy.com/mediax/demo/assets/img/favicons/ms-icon-144x144.png]
[html.themeholy.com/mediax/demo/assets/css/app.min.css]
[html.themeholy.com/mediax/demo/assets/css/style.css]
[html.themeholy.com/mediax/demo/assets/css/fontawesome.min.css]
[html.themeholy.com/mediax/demo/assets/img/product/product_thumb_1_1.jpg]
[html.themeholy.com/mediax/demo/assets/img/product/product_thumb_1_2.jpg]
[html.themeholy.com/mediax/demo/assets/img/product/product_thumb_1_3.jpg]
[html.themeholy.com/mediax/demo/assets/img/product/product_thumb_1_4.jpg]
[html.themeholy.com/mediax/demo/assets/img/product/product_thumb_1_5.jpg]
[html.themeholy.com/mediax/demo/cart.html]
[html.themeholy.com/mediax/demo/checkout.html]
[html.themeholy.com/mediax/demo/home-medical-clinic.html]
[html.themeholy.com/mediax/demo/assets/img/logo.svg]
[html.themeholy.com/mediax/demo/assets/img/normal/apple_store.png]
[html.themeholy.com/mediax/demo/assets/img/normal/play_store.png]
[html.themeholy.com/mediax/demo/home-dental-care.html]
[html.themeholy.com/mediax/demo/home-medical-shop.html]
[html.themeholy.com/mediax/demo/home-ophthalmology.html]
[html.themeholy.com/mediax/demo/home-pediatrics.html]
[html.themeholy.com/mediax/demo/home-gynecology.html]
[html.themeholy.com/mediax/demo/home-medical-cosmetics.html]
[html.themeholy.com/mediax/demo/about.html]
[html.themeholy.com/mediax/demo/service.html]
[html.themeholy.com/mediax/demo/service-details.html]
[html.themeholy.com/mediax/demo/shop.html]
[html.themeholy.com/mediax/demo/shop-details.html]
[html.themeholy.com/mediax/demo/wishlist.html]
[html.themeholy.com/mediax/demo/team.html]
[html.themeholy.com/mediax/demo/team-details.html]
[html.themeholy.com/mediax/demo/appointment.html]
[html.themeholy.com/mediax/demo/faq.html]
[html.themeholy.com/mediax/demo/pricing.html]
[html.themeholy.com/mediax/demo/error.html]
[html.themeholy.com/mediax/demo/blog.html]
[html.themeholy.com/mediax/demo/blog-details.html]
[html.themeholy.com/mediax/demo/contact.html]
[html.themeholy.com/mediax/demo/assets/img/logo-white.svg]
[html.themeholy.com/mediax/demo/assets/img/hero/hero_shape_8_1.svg]
[html.themeholy.com/mediax/demo/assets/img/hero/hero_bg_7_1.jpg]
[html.themeholy.com/mediax/demo/assets/img/theme-img/title_icon.svg]
[html.themeholy.com/mediax/demo/assets/img/hero/hero_shape_7_1.svg]
[html.themeholy.com/mediax/demo/assets/img/hero/hero_shape_7_2.svg]
[html.themeholy.com/mediax/demo/assets/img/hero/hero_7_1.png]
[html.themeholy.com/mediax/demo/assets/img/normal/about_6_1.png]
[html.themeholy.com/mediax/demo/assets/img/bg/service_bg_7.jpg]
[html.themeholy.com/mediax/demo/assets/img/icon/service_element_1.svg]
[html.themeholy.com/mediax/demo/assets/img/icon/service_element_2.svg]
[html.themeholy.com/mediax/demo/assets/img/icon/service_element_3.svg]
[html.themeholy.com/mediax/demo/assets/img/gallery/gallery_2_1.jpg]
[html.themeholy.com/mediax/demo/assets/img/gallery/gallery_2_2.jpg]
[html.themeholy.com/mediax/demo/assets/img/gallery/gallery_2_3.jpg]
[html.themeholy.com/mediax/demo/assets/img/gallery/gallery_2_4.jpg]
[html.themeholy.com/mediax/demo/assets/img/gallery/gallery_2_5.jpg]
[html.themeholy.com/mediax/demo/assets/img/bg/pattern_bg_8.jpg]
[html.themeholy.com/mediax/demo/assets/img/normal/before_2.jpg]
[html.themeholy.com/mediax/demo/assets/img/normal/after_2.jpg]
[html.themeholy.com/mediax/demo/assets/img/team/team_4_1.jpg]
[html.themeholy.com/mediax/demo/assets/img/team/team_4_2.jpg]
[html.themeholy.com/mediax/demo/assets/img/team/team_4_3.jpg]
[html.themeholy.com/mediax/demo/assets/img/bg/testi_bg_6.jpg]
[html.themeholy.com/mediax/demo/assets/img/icon/quote_5.png]
[html.themeholy.com/mediax/demo/assets/img/testimonial/testi_4_1.png]
[html.themeholy.com/mediax/demo/assets/img/testimonial/testi_4_2.png]
[html.themeholy.com/mediax/demo/assets/img/testimonial/testi_4_3.png]
[html.themeholy.com/mediax/demo/assets/img/bg/pattern_bg_2.png]
[html.themeholy.com/mediax/demo/assets/img/brand/brand_2_1.svg]
[html.themeholy.com/mediax/demo/assets/img/brand/brand_2_2.svg]
[html.themeholy.com/mediax/demo/assets/img/brand/brand_2_3.svg]
[html.themeholy.com/mediax/demo/assets/img/brand/brand_2_4.svg]
[html.themeholy.com/mediax/demo/assets/img/brand/brand_2_5.svg]
[html.themeholy.com/mediax/demo/assets/img/brand/brand_2_6.svg]
[html.themeholy.com/mediax/demo/assets/img/brand/brand_2_7.svg]
[html.themeholy.com/mediax/demo/assets/img/brand/brand_2_8.svg]
[html.themeholy.com/mediax/demo/assets/img/normal/faq_2_2.jpg]
[html.themeholy.com/mediax/demo/assets/img/blog/blog_6_1.jpg]
[html.themeholy.com/mediax/demo/assets/img/blog/blog_6_2.jpg]
[html.themeholy.com/mediax/demo/assets/img/blog/blog_6_3.jpg]
[html.themeholy.com/mediax/demo/assets/img/bg/footer_bg_4_1.jpg]
[html.themeholy.com/mediax/demo/assets/img/logo-footer.svg]
[html.themeholy.com/mediax/demo/assets/js/vendor/jquery-3.7.1.min.js]
[html.themeholy.com/mediax/demo/home-aesthetic-dentistry.html]
[html.themeholy.com/mediax/demo/assets/css/app.min.css]
[html.themeholy.com/mediax/demo/assets/js/main.js]
[html.themeholy.com/mediax/demo/assets/fonts/fontawesome/fa-brands-400.woff2]
[html.themeholy.com/mediax/demo/assets/js/app.min.js]
[html.themeholy.com/mediax/demo/assets/fonts/fontawesome/fa-duotone-900.woff2]
[html.themeholy.com/mediax/demo/assets/fonts/fontawesome/fa-brands-400.ttf]
[html.themeholy.com/mediax/demo/assets/fonts/fontawesome/fa-light-300.woff2]
[html.themeholy.com/mediax/demo/assets/fonts/fontawesome/fa-light-300.ttf]
[html.themeholy.com/mediax/demo/assets/fonts/fontawesome/fa-regular-400.woff2]
[html.themeholy.com/mediax/demo/assets/fonts/fontawesome/fa-duotone-900.ttf]
[html.themeholy.com/mediax/demo/assets/fonts/fontawesome/fa-solid-900.woff2]
[html.themeholy.com/mediax/demo/assets/fonts/fontawesome/fa-regular-400.ttf]
[html.themeholy.com/mediax/demo/assets/fonts/fontawesome/fa-thin-100.woff2]
[html.themeholy.com/mediax/demo/assets/css/fontawesome.min.css]
[html.themeholy.com/mediax/demo/assets/css/style.css]
[html.themeholy.com/mediax/demo/assets/fonts/fontawesome/fa-solid-900.ttf]
[html.themeholy.com/mediax/demo/assets/img/icon/english.png]
[html.themeholy.com/mediax/demo/assets/fonts/fontawesome/fa-thin-100.ttf]
[html.themeholy.com/mediax/demo/assets/img/bg/logo_bg_1.png]
[html.themeholy.com/mediax/demo/assets/img/bg/breadcumb-bg.jpg]
[html.themeholy.com/mediax/demo/assets/img/bg/footer_bg_1.jpg]
[html.themeholy.com/mediax/demo/assets/img/blog/recent-post-2-1.jpg]
[html.themeholy.com/mediax/demo/assets/img/blog/recent-post-2-2.jpg]
[html.themeholy.com/mediax/demo/cart.html]
[html.themeholy.com/mediax/demo/checkout.html]
[html.themeholy.com/mediax/demo/assets/img/hero/hero_bg_2_1.jpg]
[html.themeholy.com/mediax/demo/assets/img/hero/hero_2_1.png]
[html.themeholy.com/mediax/demo/assets/img/hero/hero_shape_2_1.svg]
[html.themeholy.com/mediax/demo/assets/img/hero/hero_shape_2_2.svg]
[html.themeholy.com/mediax/demo/assets/img/hero/hero_shape_2_3.svg]
[html.themeholy.com/mediax/demo/assets/img/hero/hero_shape_2_4.svg]
[html.themeholy.com/mediax/demo/assets/img/hero/hero_shape_2_5.svg]
[html.themeholy.com/mediax/demo/assets/img/shape/pattern_shape_1.png]
[html.themeholy.com/mediax/demo/assets/img/shape/medicine_1.png]
[html.themeholy.com/mediax/demo/assets/img/normal/about_1_3.png]
[html.themeholy.com/mediax/demo/assets/img/bg/service_bg_1.png]
[html.themeholy.com/mediax/demo/assets/img/service/service_card_1.jpg]
[html.themeholy.com/mediax/demo/assets/img/bg/service_card_bg.png]
[html.themeholy.com/mediax/demo/assets/img/icon/service_card_1.svg]
[html.themeholy.com/mediax/demo/assets/img/service/service_card_2.jpg]
[html.themeholy.com/mediax/demo/assets/img/icon/service_card_2.svg]
[html.themeholy.com/mediax/demo/assets/img/service/service_card_3.jpg]
[html.themeholy.com/mediax/demo/assets/img/icon/service_card_3.svg]
[html.themeholy.com/mediax/demo/assets/img/service/service_card_4.jpg]
[html.themeholy.com/mediax/demo/assets/img/icon/service_card_4.svg]
[html.themeholy.com/mediax/demo/assets/img/service/service_card_5.jpg]
[html.themeholy.com/mediax/demo/assets/img/icon/service_card_5.svg]
[html.themeholy.com/mediax/demo/assets/img/service/service_card_6.jpg]
[html.themeholy.com/mediax/demo/assets/img/icon/service_card_6.svg]
[html.themeholy.com/mediax/demo/assets/img/service/service_card_7.jpg]
[html.themeholy.com/mediax/demo/assets/img/icon/service_card_7.svg]
[html.themeholy.com/mediax/demo/assets/img/service/service_card_8.jpg]
[html.themeholy.com/mediax/demo/assets/img/icon/service_card_8.svg]
[html.themeholy.com/mediax/demo/assets/img/bg/cta_bg_4.jpg]
[html.themeholy.com/mediax/demo/assets/img/normal/cta_1.png]
[html.themeholy.com/mediax/demo/assets/img/normal/why_1.jpg]
[html.themeholy.com/mediax/demo/assets/img/bg/team_bg_1.jpg]
[html.themeholy.com/mediax/demo/assets/img/team/team_1_1.jpg]
[html.themeholy.com/mediax/demo/assets/img/team/team_1_2.jpg]
[html.themeholy.com/mediax/demo/assets/img/team/team_1_3.jpg]
[html.themeholy.com/mediax/demo/assets/img/team/team_1_4.jpg]
[html.themeholy.com/mediax/demo/assets/img/team/team_1_5.jpg]
[html.themeholy.com/mediax/demo/assets/img/team/team_1_6.jpg]
[html.themeholy.com/mediax/demo/assets/img/team/team_1_7.jpg]
[html.themeholy.com/mediax/demo/assets/img/team/team_1_8.jpg]
[html.themeholy.com/mediax/demo/assets/img/normal/form_1_1.jpg]
[html.themeholy.com/mediax/demo/assets/img/normal/form_1_2.jpg]
[html.themeholy.com/mediax/demo/assets/img/bg/process_bg_1.jpg]
[html.themeholy.com/mediax/demo/assets/img/normal/process_card_1.jpg]
[html.themeholy.com/mediax/demo/assets/img/normal/process_card_2.jpg]
[html.themeholy.com/mediax/demo/assets/img/normal/process_card_3.jpg]
[html.themeholy.com/mediax/demo/assets/img/normal/process_card_4.jpg]
[html.themeholy.com/mediax/demo/assets/img/bg/faq_bg_1.jpg]
[html.themeholy.com/mediax/demo/assets/img/theme-img/title_icon_2.svg]
[html.themeholy.com/mediax/demo/assets/img/normal/faq_1.png]
[html.themeholy.com/mediax/demo/assets/img/icon/quote_1.svg]
[html.themeholy.com/mediax/demo/assets/img/testimonial/testi_1_1.jpg]
[html.themeholy.com/mediax/demo/assets/img/testimonial/testi_1_2.jpg]
[html.themeholy.com/mediax/demo/assets/img/bg/blog_bg_1.jpg]
[html.themeholy.com/mediax/demo/assets/img/blog/blog_1_1.jpg]
[html.themeholy.com/mediax/demo/assets/img/blog/blog_1_2.jpg]
[html.themeholy.com/mediax/demo/assets/img/blog/blog_1_3.jpg]
[html.themeholy.com/mediax/demo/assets/img/blog/blog_1_4.jpg]
[html.themeholy.com/mediax/demo/home-medical-clinic.html]
[html.themeholy.com/mediax/demo/assets/img/logo.svg]
[html.themeholy.com/mediax/demo/assets/img/logo-white2.svg]
[html.themeholy.com/mediax/demo/assets/img/hero/hero_bg_3_1.png]
[html.themeholy.com/mediax/demo/assets/img/icon/feature_box_1.svg]
[html.themeholy.com/mediax/demo/assets/img/icon/feature_box_2.svg]
[html.themeholy.com/mediax/demo/assets/img/icon/feature_box_3.svg]
[html.themeholy.com/mediax/demo/assets/img/icon/feature_box_4.svg]
[html.themeholy.com/mediax/demo/assets/img/shape/dental_1.png]
[html.themeholy.com/mediax/demo/assets/img/icon/service_list_1.svg]
[html.themeholy.com/mediax/demo/assets/img/icon/service_list_2.svg]
[html.themeholy.com/mediax/demo/assets/img/icon/service_list_3.svg]
[html.themeholy.com/mediax/demo/assets/img/icon/service_list_4.svg]
[html.themeholy.com/mediax/demo/assets/img/icon/service_list_5.svg]
[html.themeholy.com/mediax/demo/assets/img/shape/pattern_shape_2.png]
[html.themeholy.com/mediax/demo/assets/img/shape/pattern_shape_3.png]
[html.themeholy.com/mediax/demo/assets/img/shape/dental_2.png]
[html.themeholy.com/mediax/demo/assets/img/shape/dental_3.png]
[html.themeholy.com/mediax/demo/assets/img/normal/about_2_1.jpg]
[html.themeholy.com/mediax/demo/assets/img/normal/about_2_2.jpg]
[html.themeholy.com/mediax/demo/assets/img/shape/pattern_shape_4.png]
[html.themeholy.com/mediax/demo/assets/img/shape/dental_4.png]
[html.themeholy.com/mediax/demo/assets/img/icon/tab_icon_1.svg]
[html.themeholy.com/mediax/demo/assets/img/normal/why_2_2.jpg]
[html.themeholy.com/mediax/demo/assets/img/normal/why_2.jpg]
[html.themeholy.com/mediax/demo/assets/img/normal/why_2_3.jpg]
[html.themeholy.com/mediax/demo/assets/img/bg/brand_bg_2.png]
[html.themeholy.com/mediax/demo/assets/img/gallery/gallery_1_1.jpg]
[html.themeholy.com/mediax/demo/assets/img/gallery/gallery_1_2.jpg]
[html.themeholy.com/mediax/demo/assets/img/gallery/gallery_1_3.jpg]
[html.themeholy.com/mediax/demo/assets/img/gallery/gallery_1_4.jpg]
[html.themeholy.com/mediax/demo/assets/img/gallery/gallery_1_5.jpg]
[html.themeholy.com/mediax/demo/assets/img/bg/testi_bg_2.jpg]
[html.themeholy.com/mediax/demo/assets/img/team/team_2_1.jpg]
[html.themeholy.com/mediax/demo/assets/img/team/team_2_2.jpg]
[html.themeholy.com/mediax/demo/assets/img/team/team_2_3.jpg]
[html.themeholy.com/mediax/demo/assets/img/team/team_2_4.jpg]
[html.themeholy.com/mediax/demo/assets/img/testimonial/testi_2_1.jpg]
[html.themeholy.com/mediax/demo/assets/img/testimonial/testi_2_2.jpg]
[html.themeholy.com/mediax/demo/assets/img/icon/quote_2.svg]
[html.themeholy.com/mediax/demo/assets/img/shape/dental_5.png]
[html.themeholy.com/mediax/demo/assets/img/bg/cta_bg_5.jpg]
[html.themeholy.com/mediax/demo/assets/img/blog/blog_2_1.jpg]
[html.themeholy.com/mediax/demo/assets/img/blog/blog_2_2.jpg]
[html.themeholy.com/mediax/demo/assets/img/blog/blog_2_3.jpg]
[html.themeholy.com/mediax/demo/assets/img/blog/blog_2_4.jpg]
[html.themeholy.com/mediax/demo/assets/img/shape/pattern_shape_5.png]
[html.themeholy.com/mediax/demo/assets/img/shape/pattern_shape_6.png]
[html.themeholy.com/mediax/demo/home-dental-care.html]
[html.themeholy.com/mediax/demo/assets/img/product/product_details_1_1.jpg]
[html.themeholy.com/mediax/demo/assets/img/hero/hero_bg_1_1.jpg]
[html.themeholy.com/mediax/demo/assets/img/hero/hero_1_1.png]
[html.themeholy.com/mediax/demo/assets/img/hero/hero_1_2.png]
[html.themeholy.com/mediax/demo/assets/img/hero/hero_1_3.png]
[html.themeholy.com/mediax/demo/assets/img/hero/hero_thumb_1_1.png]
[html.themeholy.com/mediax/demo/assets/img/hero/hero_thumb_1_2.png]
[html.themeholy.com/mediax/demo/assets/img/hero/hero_thumb_1_3.png]
[html.themeholy.com/mediax/demo/assets/img/icon/shop_feature_1.svg]
[html.themeholy.com/mediax/demo/assets/img/icon/shop_feature_2.svg]
[html.themeholy.com/mediax/demo/assets/img/icon/shop_feature_3.svg]
[html.themeholy.com/mediax/demo/assets/img/icon/shop_feature_4.svg]
[html.themeholy.com/mediax/demo/assets/img/bg/cta_bg_1_1.jpg]
[html.themeholy.com/mediax/demo/assets/img/bg/cta_bg_1_2.jpg]
[html.themeholy.com/mediax/demo/assets/img/bg/cta_bg_1_3.jpg]
[html.themeholy.com/mediax/demo/assets/img/icon/category_card_1.png]
[html.themeholy.com/mediax/demo/assets/img/icon/category_card_2.png]
[html.themeholy.com/mediax/demo/assets/img/icon/category_card_3.png]
[html.themeholy.com/mediax/demo/assets/img/icon/category_card_4.png]
[html.themeholy.com/mediax/demo/assets/img/icon/category_card_5.png]
[html.themeholy.com/mediax/demo/assets/img/icon/category_card_6.png]
[html.themeholy.com/mediax/demo/assets/img/product/product_1_1.jpg]
[html.themeholy.com/mediax/demo/assets/img/product/product_1_2.jpg]
[html.themeholy.com/mediax/demo/assets/img/product/product_1_3.jpg]
[html.themeholy.com/mediax/demo/assets/img/product/product_1_4.jpg]
[html.themeholy.com/mediax/demo/assets/img/product/product_1_5.jpg]
[html.themeholy.com/mediax/demo/assets/img/product/product_1_6.jpg]
[html.themeholy.com/mediax/demo/assets/img/product/product_1_7.jpg]
[html.themeholy.com/mediax/demo/assets/img/product/product_1_8.jpg]
[html.themeholy.com/mediax/demo/assets/img/bg/cta_bg_4_1.jpg]
[html.themeholy.com/mediax/demo/assets/img/bg/cta_bg_4_2.jpg]
[html.themeholy.com/mediax/demo/assets/img/bg/cta_bg_2_1.jpg]
[html.themeholy.com/mediax/demo/assets/img/bg/cta_bg_3_1.jpg]
[html.themeholy.com/mediax/demo/assets/img/bg/cta_bg_3_2.jpg]
[html.themeholy.com/mediax/demo/assets/img/bg/cta_bg_2_2.jpg]
[html.themeholy.com/mediax/demo/assets/img/bg/testi_bg_1.jpg]
[html.themeholy.com/mediax/demo/assets/img/brand/brand_1_1.svg]
[html.themeholy.com/mediax/demo/assets/img/brand/brand_1_2.svg]
[html.themeholy.com/mediax/demo/assets/img/brand/brand_1_3.svg]
[html.themeholy.com/mediax/demo/assets/img/brand/brand_1_4.svg]
[html.themeholy.com/mediax/demo/assets/img/brand/brand_1_5.svg]
[html.themeholy.com/mediax/demo/assets/img/brand/brand_1_6.svg]
[html.themeholy.com/mediax/demo/assets/img/brand/brand_1_7.svg]
[html.themeholy.com/mediax/demo/assets/img/brand/brand_1_8.svg]
[html.themeholy.com/mediax/demo/assets/img/product/product_list_1.jpg]
[html.themeholy.com/mediax/demo/assets/img/product/product_list_2.jpg]
[html.themeholy.com/mediax/demo/assets/img/product/product_list_3.jpg]
[html.themeholy.com/mediax/demo/assets/img/product/product_list_4.jpg]
[html.themeholy.com/mediax/demo/assets/img/product/product_list_5.jpg]
[html.themeholy.com/mediax/demo/assets/img/product/product_list_6.jpg]
[html.themeholy.com/mediax/demo/assets/img/product/product_list_7.jpg]
[html.themeholy.com/mediax/demo/assets/img/product/product_list_8.jpg]
[html.themeholy.com/mediax/demo/assets/img/bg/footer_bg_2.jpg]
[html.themeholy.com/mediax/demo/assets/img/normal/payment_methods.png]
[html.themeholy.com/mediax/demo/home-medical-shop.html]
[html.themeholy.com/mediax/demo/assets/img/hero/hero_shape_4_1.svg]
[html.themeholy.com/mediax/demo/assets/img/hero/hero_shape_4_2.svg]
[html.themeholy.com/mediax/demo/assets/img/hero/hero_shape_4_3.svg]
[html.themeholy.com/mediax/demo/assets/img/hero/hero_shape_4_4.svg]
[html.themeholy.com/mediax/demo/assets/img/hero/hero_shape_4_5.svg]
[html.themeholy.com/mediax/demo/assets/img/hero/hero_shape_4_6.svg]
[html.themeholy.com/mediax/demo/assets/img/hero/hero_bg_4_1.png]
[html.themeholy.com/mediax/demo/assets/img/hero/hero-avaters.png]
[html.themeholy.com/mediax/demo/assets/img/hero/hero_4_1.png]
[html.themeholy.com/mediax/demo/assets/img/normal/about_3_1.jpg]
[html.themeholy.com/mediax/demo/assets/img/normal/about_mask.png]
[html.themeholy.com/mediax/demo/assets/img/normal/about_3_2.jpg]
[html.themeholy.com/mediax/demo/assets/img/icon/about_feature_1.svg]
[html.themeholy.com/mediax/demo/assets/img/icon/about_feature_2.svg]
[html.themeholy.com/mediax/demo/assets/img/bg/service_bg_3.jpg]
[html.themeholy.com/mediax/demo/assets/img/bg/service_grid_shape.png]
[html.themeholy.com/mediax/demo/assets/img/service/service_grid_1.jpg]
[html.themeholy.com/mediax/demo/assets/img/icon/service_grid_1.svg]
[html.themeholy.com/mediax/demo/assets/img/service/service_grid_2.jpg]
[html.themeholy.com/mediax/demo/assets/img/icon/service_grid_2.svg]
[html.themeholy.com/mediax/demo/assets/img/service/service_grid_3.jpg]
[html.themeholy.com/mediax/demo/assets/img/icon/service_grid_3.svg]
[html.themeholy.com/mediax/demo/assets/img/team/team_3_1.jpg]
[html.themeholy.com/mediax/demo/assets/img/team/team_3_2.jpg]
[html.themeholy.com/mediax/demo/assets/img/team/team_3_3.jpg]
[html.themeholy.com/mediax/demo/assets/img/team/team_3_4.jpg]
[html.themeholy.com/mediax/demo/assets/img/bg/testi_bg_4.jpg]
[html.themeholy.com/mediax/demo/assets/img/bg/pattern_bg_1.png]
[html.themeholy.com/mediax/demo/assets/img/icon/quote_3.svg]
[html.themeholy.com/mediax/demo/assets/img/icon/quote_4.svg]
[html.themeholy.com/mediax/demo/assets/img/bg/testi_img_bg.png]
[html.themeholy.com/mediax/demo/assets/img/testimonial/testi_3_1.jpg]
[html.themeholy.com/mediax/demo/assets/img/testimonial/testi_3_2.jpg]
[html.themeholy.com/mediax/demo/assets/img/testimonial/testi_3_3.jpg]
[html.themeholy.com/mediax/demo/assets/img/bg/pattern_bg_3.png]
[html.themeholy.com/mediax/demo/assets/img/icon/eye_feature_1.svg]
[html.themeholy.com/mediax/demo/assets/img/icon/eye_feature_2.svg]
[html.themeholy.com/mediax/demo/assets/img/icon/eye_feature_3.svg]
[html.themeholy.com/mediax/demo/assets/img/icon/eye_feature_4.svg]
[html.themeholy.com/mediax/demo/assets/img/normal/before_1.jpg]
[html.themeholy.com/mediax/demo/assets/img/normal/after_1.jpg]
[html.themeholy.com/mediax/demo/assets/img/bg/dotted_bg_1.png]
[html.themeholy.com/mediax/demo/assets/img/bg/process_box_bg.png]
[html.themeholy.com/mediax/demo/assets/img/normal/process_box_1.jpg]
[html.themeholy.com/mediax/demo/assets/img/normal/process_box_2.jpg]
[html.themeholy.com/mediax/demo/assets/img/normal/process_box_3.jpg]
[html.themeholy.com/mediax/demo/assets/img/normal/process_box_4.jpg]
[html.themeholy.com/mediax/demo/assets/img/bg/cta_bg_7.jpg]
[html.themeholy.com/mediax/demo/assets/img/bg/pattern_bg_4.jpg]
[html.themeholy.com/mediax/demo/assets/img/blog/blog_3_1.jpg]
[html.themeholy.com/mediax/demo/assets/img/blog/blog_3_2.jpg]
[html.themeholy.com/mediax/demo/assets/img/blog/blog_3_3.jpg]
[html.themeholy.com/mediax/demo/assets/img/bg/footer_bg_1_1.jpg]
[html.themeholy.com/mediax/demo/home-ophthalmology.html]
[html.themeholy.com/mediax/demo/assets/img/hero/hero_shape_5_1.png]
[html.themeholy.com/mediax/demo/assets/img/hero/hero_shape_5_2.svg]
[html.themeholy.com/mediax/demo/assets/img/hero/hero_shape_5_3.svg]
[html.themeholy.com/mediax/demo/assets/img/hero/hero_shape_5_4.svg]
[html.themeholy.com/mediax/demo/assets/img/hero/hero_bg_5_1.jpg]
[html.themeholy.com/mediax/demo/assets/img/hero/hero_5_1.png]
[html.themeholy.com/mediax/demo/assets/img/icon/feature_card_1.svg]
[html.themeholy.com/mediax/demo/assets/img/icon/feature_card_2.svg]
[html.themeholy.com/mediax/demo/assets/img/icon/feature_card_3.svg]
[html.themeholy.com/mediax/demo/assets/img/normal/about_4_1.jpg]
[html.themeholy.com/mediax/demo/assets/img/shape/kit_1.png]
[html.themeholy.com/mediax/demo/assets/img/shape/kit_2.png]
[html.themeholy.com/mediax/demo/assets/img/shape/kit_3.png]
[html.themeholy.com/mediax/demo/assets/img/icon/service_block_1.svg]
[html.themeholy.com/mediax/demo/assets/img/icon/service_block_2.svg]
[html.themeholy.com/mediax/demo/assets/img/icon/service_block_3.svg]
[html.themeholy.com/mediax/demo/assets/img/icon/service_block_4.svg]
[html.themeholy.com/mediax/demo/assets/img/bg/service_block_bg.png]
[html.themeholy.com/mediax/demo/assets/img/service/service_block_1.jpg]
[html.themeholy.com/mediax/demo/assets/img/icon/check_1.svg]
[html.themeholy.com/mediax/demo/assets/img/service/service_block_2.jpg]
[html.themeholy.com/mediax/demo/assets/img/service/service_block_3.jpg]
[html.themeholy.com/mediax/demo/assets/img/service/service_block_4.jpg]
[html.themeholy.com/mediax/demo/assets/img/shape/kit_4.png]
[html.themeholy.com/mediax/demo/assets/img/shape/kit_5.png]
[html.themeholy.com/mediax/demo/assets/img/shape/pattern_shape_7.png]
[html.themeholy.com/mediax/demo/assets/img/shape/pattern_shape_8.png]
[html.themeholy.com/mediax/demo/assets/img/normal/why_3_1.jpg]
[html.themeholy.com/mediax/demo/assets/img/icon/choose_box_1.svg]
[html.themeholy.com/mediax/demo/assets/img/icon/choose_box_2.svg]
[html.themeholy.com/mediax/demo/assets/img/icon/choose_box_3.svg]
[html.themeholy.com/mediax/demo/assets/img/normal/faq_2.jpg]
[html.themeholy.com/mediax/demo/assets/img/bg/counter_bg_2.jpg]
[html.themeholy.com/mediax/demo/assets/img/blog/blog_4_1.jpg]
[html.themeholy.com/mediax/demo/assets/img/blog/blog_4_2.jpg]
[html.themeholy.com/mediax/demo/assets/img/blog/blog_4_3.jpg]
[html.themeholy.com/mediax/demo/assets/img/bg/pattern_bg_5.jpg]
[html.themeholy.com/mediax/demo/assets/img/normal/contact_1.png]
[html.themeholy.com/mediax/demo/assets/img/bg/footer_bg_4.jpg]
[html.themeholy.com/mediax/demo/home-pediatrics.html]
[html.themeholy.com/mediax/demo/assets/img/hero/hero_bg_6_1.jpg]
[html.themeholy.com/mediax/demo/assets/img/hero/hero_overlay_6.png]
[html.themeholy.com/mediax/demo/assets/img/theme-img/title_icon_white.svg]
[html.themeholy.com/mediax/demo/assets/img/hero/hero_6_1.png]
[html.themeholy.com/mediax/demo/assets/img/hero/sperm_1.svg]
[html.themeholy.com/mediax/demo/assets/img/hero/sperm_2.svg]
[html.themeholy.com/mediax/demo/assets/img/hero/sperm_3.svg]
[html.themeholy.com/mediax/demo/assets/img/shape/kit_6.png]
[html.themeholy.com/mediax/demo/assets/img/normal/about_5_2.jpg]
[html.themeholy.com/mediax/demo/assets/img/normal/about_5_1.jpg]
[html.themeholy.com/mediax/demo/assets/img/bg/service_bg_1_1.png]
[html.themeholy.com/mediax/demo/assets/img/shape/kit_7.png]
[html.themeholy.com/mediax/demo/assets/img/service/service_card_13.jpg]
[html.themeholy.com/mediax/demo/assets/img/bg/service_card_bg_2.png]
[html.themeholy.com/mediax/demo/assets/img/icon/service_card_13.svg]
[html.themeholy.com/mediax/demo/assets/img/service/service_card_14.jpg]
[html.themeholy.com/mediax/demo/assets/img/icon/service_card_14.svg]
[html.themeholy.com/mediax/demo/assets/img/service/service_card_15.jpg]
[html.themeholy.com/mediax/demo/assets/img/icon/service_card_15.svg]
[html.themeholy.com/mediax/demo/assets/img/service/service_card_16.jpg]
[html.themeholy.com/mediax/demo/assets/img/icon/service_card_16.svg]
[html.themeholy.com/mediax/demo/assets/img/service/service_card_17.jpg]
[html.themeholy.com/mediax/demo/assets/img/icon/service_card_17.svg]
[html.themeholy.com/mediax/demo/assets/img/service/service_card_18.jpg]
[html.themeholy.com/mediax/demo/assets/img/icon/service_card_18.svg]
[html.themeholy.com/mediax/demo/assets/img/service/service_card_19.jpg]
[html.themeholy.com/mediax/demo/assets/img/icon/service_card_19.svg]
[html.themeholy.com/mediax/demo/assets/img/service/service_card_20.jpg]
[html.themeholy.com/mediax/demo/assets/img/icon/service_card_20.svg]
[html.themeholy.com/mediax/demo/assets/img/team/team_5_1.jpg]
[html.themeholy.com/mediax/demo/assets/img/team/team_5_2.jpg]
[html.themeholy.com/mediax/demo/assets/img/team/team_5_3.jpg]
[html.themeholy.com/mediax/demo/assets/img/team/team_5_4.jpg]
[html.themeholy.com/mediax/demo/assets/img/team/team_5_5.jpg]
[html.themeholy.com/mediax/demo/assets/img/team/team_5_6.jpg]
[html.themeholy.com/mediax/demo/assets/img/bg/pattern_bg_6.jpg]
[html.themeholy.com/mediax/demo/assets/img/shape/pulse_1.png]
[html.themeholy.com/mediax/demo/assets/img/icon/why_box_1.svg]
[html.themeholy.com/mediax/demo/assets/img/icon/why_box_2.svg]
[html.themeholy.com/mediax/demo/assets/img/icon/why_box_3.svg]
[html.themeholy.com/mediax/demo/assets/img/normal/why_4_1.jpg]
[html.themeholy.com/mediax/demo/assets/img/bg/testi_bg_5.jpg]
[html.themeholy.com/mediax/demo/assets/img/testimonial/testi_5_1.jpg]
[html.themeholy.com/mediax/demo/assets/img/icon/quote_6.png]
[html.themeholy.com/mediax/demo/assets/img/testimonial/testi_5_2.jpg]
[html.themeholy.com/mediax/demo/assets/img/testimonial/testi_big_1.jpg]
[html.themeholy.com/mediax/demo/assets/img/normal/faq_3.jpg]
[html.themeholy.com/mediax/demo/assets/img/bg/pattern_bg_7.jpg]
[html.themeholy.com/mediax/demo/assets/img/normal/vector_1.png]
[html.themeholy.com/mediax/demo/assets/img/blog/blog_5_1.jpg]
[html.themeholy.com/mediax/demo/assets/img/blog/blog_5_2.jpg]
[html.themeholy.com/mediax/demo/assets/img/bg/footer_bg_1_2.jpg]
[html.themeholy.com/mediax/demo/assets/img/shape/medicine_2.png]
[html.themeholy.com/mediax/demo/assets/img/shape/kit_8.png]
[html.themeholy.com/mediax/demo/home-gynecology.html]
[html.themeholy.com/mediax/demo/assets/img/hero/hero_shape_8_2.svg]
[html.themeholy.com/mediax/demo/assets/img/hero/hero_shape_8_3.svg]
[html.themeholy.com/mediax/demo/assets/img/hero/hero_shape_8_4.svg]
[html.themeholy.com/mediax/demo/assets/img/hero/hero_bg_8_1.jpg]
[html.themeholy.com/mediax/demo/assets/img/hero/hero_8_1.png]
[html.themeholy.com/mediax/demo/assets/img/normal/about_7_1.jpg]
[html.themeholy.com/mediax/demo/assets/img/normal/about_7_2.jpg]
[html.themeholy.com/mediax/demo/assets/img/product/product_1_15.jpg]
[html.themeholy.com/mediax/demo/assets/img/product/product_1_16.jpg]
[html.themeholy.com/mediax/demo/assets/img/product/product_1_17.jpg]
[html.themeholy.com/mediax/demo/assets/img/product/product_1_18.jpg]
[html.themeholy.com/mediax/demo/assets/img/bg/cta_bg_8_1.jpg]
[html.themeholy.com/mediax/demo/assets/img/bg/cta_bg_8_2.jpg]
[html.themeholy.com/mediax/demo/assets/img/bg/testi_bg_7.jpg]
[html.themeholy.com/mediax/demo/assets/img/shape/vectors_1.png]
[html.themeholy.com/mediax/demo/assets/img/shape/vectors_2.png]
[html.themeholy.com/mediax/demo/assets/img/testimonial/testi_6_1.jpg]
[html.themeholy.com/mediax/demo/assets/img/testimonial/testi_6_2.jpg]
[html.themeholy.com/mediax/demo/assets/img/testimonial/testi_6_3.jpg]
[html.themeholy.com/mediax/demo/assets/img/testimonial/testi_6_4.jpg]
[html.themeholy.com/mediax/demo/assets/img/testimonial/testi_6_5.jpg]
[html.themeholy.com/mediax/demo/assets/img/product/product_1_19.jpg]
[html.themeholy.com/mediax/demo/assets/img/product/product_1_20.jpg]
[html.themeholy.com/mediax/demo/assets/img/product/product_1_21.jpg]
[html.themeholy.com/mediax/demo/assets/img/bg/cta_bg_9.jpg]
[html.themeholy.com/mediax/demo/assets/img/normal/before_3.jpg]
[html.themeholy.com/mediax/demo/assets/img/normal/after_3.jpg]
[html.themeholy.com/mediax/demo/assets/img/icon/why_card_1.svg]
[html.themeholy.com/mediax/demo/assets/img/icon/why_card_2.svg]
[html.themeholy.com/mediax/demo/assets/img/icon/why_card_3.svg]
[html.themeholy.com/mediax/demo/assets/img/product/product_list_9.jpg]
[html.themeholy.com/mediax/demo/assets/img/product/product_list_10.jpg]
[html.themeholy.com/mediax/demo/assets/img/product/product_list_11.jpg]
[html.themeholy.com/mediax/demo/assets/img/product/product_list_12.jpg]
[html.themeholy.com/mediax/demo/assets/img/product/product_list_13.jpg]
[html.themeholy.com/mediax/demo/assets/img/product/product_list_14.jpg]
[html.themeholy.com/mediax/demo/assets/img/product/product_list_15.jpg]
[html.themeholy.com/mediax/demo/assets/img/product/product_list_16.jpg]
[html.themeholy.com/mediax/demo/assets/img/blog/blog_2_5.jpg]
[html.themeholy.com/mediax/demo/assets/img/blog/blog_2_6.jpg]
[html.themeholy.com/mediax/demo/assets/img/blog/blog_2_7.jpg]
[html.themeholy.com/mediax/demo/home-medical-cosmetics.html]
[html.themeholy.com/mediax/demo/assets/img/normal/about_1_4.jpg]
[html.themeholy.com/mediax/demo/assets/img/bg/why_bg_3.jpg]
[html.themeholy.com/mediax/demo/assets/img/bg/why_feature_bg.png]
[html.themeholy.com/mediax/demo/assets/img/icon/choose_feature_1.svg]
[html.themeholy.com/mediax/demo/assets/img/icon/choose_feature_2.svg]
[html.themeholy.com/mediax/demo/assets/img/icon/choose_feature_3.svg]
[html.themeholy.com/mediax/demo/assets/img/icon/choose_feature_4.svg]
[html.themeholy.com/mediax/demo/assets/img/normal/video_1.jpg]
[html.themeholy.com/mediax/demo/assets/img/bg/cta_bg_6.jpg]
[html.themeholy.com/mediax/demo/assets/img/normal/achieve_1.jpg]
[html.themeholy.com/mediax/demo/assets/img/normal/achieve_2.jpg]
[html.themeholy.com/mediax/demo/assets/img/normal/achieve_3.jpg]
[html.themeholy.com/mediax/demo/assets/img/bg/testi_bg_3.jpg]
[html.themeholy.com/mediax/demo/about.html]
[html.themeholy.com/mediax/demo/assets/img/icon/service_card_9.svg]
[html.themeholy.com/mediax/demo/assets/img/icon/service_card_10.svg]
[html.themeholy.com/mediax/demo/assets/img/icon/service_card_11.svg]
[html.themeholy.com/mediax/demo/service.html]
[html.themeholy.com/mediax/demo/assets/img/icon/service_card_12.svg]
[html.themeholy.com/mediax/demo/assets/img/service/service_details.jpg]
[html.themeholy.com/mediax/demo/assets/img/service/service_inner_1.jpg]
[html.themeholy.com/mediax/demo/service-details.html]
[html.themeholy.com/mediax/demo/assets/img/product/product_1_9.jpg]
[html.themeholy.com/mediax/demo/assets/img/product/product_1_10.jpg]
[html.themeholy.com/mediax/demo/assets/img/product/product_1_11.jpg]
[html.themeholy.com/mediax/demo/assets/img/product/product_1_12.jpg]
[html.themeholy.com/mediax/demo/shop.html]
[html.themeholy.com/mediax/demo/assets/img/blog/comment-author-1.jpg]
[html.themeholy.com/mediax/demo/assets/img/blog/comment-author-2.jpg]
[html.themeholy.com/mediax/demo/assets/img/blog/comment-author-3.jpg]
[html.themeholy.com/mediax/demo/assets/img/blog/comment-author-4.jpg]
[html.themeholy.com/mediax/demo/shop-details.html]
[html.themeholy.com/mediax/demo/wishlist.html]
[html.themeholy.com/mediax/demo/team.html]
[html.themeholy.com/mediax/demo/assets/img/team/team_details.jpg]
[html.themeholy.com/mediax/demo/team-details.html]
[html.themeholy.com/mediax/demo/appointment.html]
[html.themeholy.com/mediax/demo/faq.html]
[html.themeholy.com/mediax/demo/pricing.html]
[html.themeholy.com/mediax/demo/error.html]
[html.themeholy.com/mediax/demo/assets/img/theme-img/error.svg]
[html.themeholy.com/mediax/demo/assets/img/blog/blog-s-1-1.jpg]
[html.themeholy.com/mediax/demo/assets/img/blog/blog-s-1-2.jpg]
[html.themeholy.com/mediax/demo/assets/img/blog/blog-s-1-4.jpg]
[html.themeholy.com/mediax/demo/assets/img/blog/blog-s-1-3.jpg]
[html.themeholy.com/mediax/demo/assets/img/blog/recent-post-1-1.jpg]
[html.themeholy.com/mediax/demo/assets/img/blog/recent-post-1-2.jpg]
[html.themeholy.com/mediax/demo/assets/img/blog/recent-post-1-3.jpg]
[html.themeholy.com/mediax/demo/blog.html]
[html.themeholy.com/mediax/demo/assets/img/blog/blog_inner_1.jpg]
[html.themeholy.com/mediax/demo/assets/img/blog/blog_inner_2.jpg]
[html.themeholy.com/mediax/demo/blog-details.html]
[html.themeholy.com/mediax/demo/assets/img/bg/contact_form_bg.png]
[html.themeholy.com/mediax/demo/contact.html]
[html.themeholy.com/mediax/demo/assets/img/logo-white.svg]
[html.themeholy.com/mediax/demo/assets/img/hero/hero_shape_8_1.svg]
[html.themeholy.com/mediax/demo/assets/img/theme-img/title_icon.svg]
[html.themeholy.com/mediax/demo/assets/img/hero/hero_shape_7_1.svg]
[html.themeholy.com/mediax/demo/assets/img/hero/hero_shape_7_2.svg]
[html.themeholy.com/mediax/demo/assets/img/icon/service_element_1.svg]
[html.themeholy.com/mediax/demo/assets/img/icon/service_element_2.svg]
[html.themeholy.com/mediax/demo/assets/img/icon/service_element_3.svg]
[html.themeholy.com/mediax/demo/assets/img/brand/brand_2_1.svg]
[html.themeholy.com/mediax/demo/assets/img/brand/brand_2_2.svg]
[html.themeholy.com/mediax/demo/assets/img/brand/brand_2_3.svg]
[html.themeholy.com/mediax/demo/assets/img/brand/brand_2_4.svg]
[html.themeholy.com/mediax/demo/assets/img/brand/brand_2_5.svg]
[html.themeholy.com/mediax/demo/assets/img/brand/brand_2_6.svg]
[html.themeholy.com/mediax/demo/assets/img/brand/brand_2_7.svg]
[html.themeholy.com/mediax/demo/assets/img/brand/brand_2_8.svg]
[html.themeholy.com/mediax/demo/assets/img/logo-footer.svg]
[html.themeholy.com/mediax/demo/assets/img/hero/hero_shape_2_1.svg]
[html.themeholy.com/mediax/demo/assets/img/hero/hero_shape_2_2.svg]
[html.themeholy.com/mediax/demo/assets/img/hero/hero_shape_2_3.svg]
[html.themeholy.com/mediax/demo/assets/img/hero/hero_shape_2_4.svg]
[html.themeholy.com/mediax/demo/assets/img/hero/hero_shape_2_5.svg]
[html.themeholy.com/mediax/demo/assets/img/icon/service_card_1.svg]
[html.themeholy.com/mediax/demo/assets/img/icon/service_card_2.svg]
[html.themeholy.com/mediax/demo/assets/img/icon/service_card_3.svg]
[html.themeholy.com/mediax/demo/assets/img/icon/service_card_4.svg]
[html.themeholy.com/mediax/demo/assets/img/icon/service_card_5.svg]
[html.themeholy.com/mediax/demo/assets/img/icon/service_card_6.svg]
[html.themeholy.com/mediax/demo/assets/img/icon/service_card_7.svg]
[html.themeholy.com/mediax/demo/assets/img/icon/service_card_8.svg]
[html.themeholy.com/mediax/demo/assets/img/theme-img/title_icon_2.svg]
[html.themeholy.com/mediax/demo/assets/img/icon/quote_1.svg]
[html.themeholy.com/mediax/demo/assets/img/logo-white2.svg]
[html.themeholy.com/mediax/demo/assets/img/icon/feature_box_1.svg]
[html.themeholy.com/mediax/demo/assets/img/icon/feature_box_2.svg]
[html.themeholy.com/mediax/demo/assets/img/icon/feature_box_3.svg]
[html.themeholy.com/mediax/demo/assets/img/icon/feature_box_4.svg]
[html.themeholy.com/mediax/demo/assets/img/icon/service_list_1.svg]
[html.themeholy.com/mediax/demo/assets/img/icon/service_list_2.svg]
[html.themeholy.com/mediax/demo/assets/img/icon/service_list_3.svg]
[html.themeholy.com/mediax/demo/assets/img/icon/service_list_4.svg]
[html.themeholy.com/mediax/demo/assets/img/icon/service_list_5.svg]
[html.themeholy.com/mediax/demo/assets/img/icon/tab_icon_1.svg]
[html.themeholy.com/mediax/demo/assets/img/icon/quote_2.svg]
[html.themeholy.com/mediax/demo/assets/img/icon/shop_feature_1.svg]
[html.themeholy.com/mediax/demo/assets/img/icon/shop_feature_2.svg]
[html.themeholy.com/mediax/demo/assets/img/icon/shop_feature_3.svg]
[html.themeholy.com/mediax/demo/assets/img/icon/shop_feature_4.svg]
[html.themeholy.com/mediax/demo/assets/img/brand/brand_1_1.svg]
[html.themeholy.com/mediax/demo/assets/img/brand/brand_1_2.svg]
[html.themeholy.com/mediax/demo/assets/img/brand/brand_1_3.svg]
[html.themeholy.com/mediax/demo/assets/img/brand/brand_1_4.svg]
[html.themeholy.com/mediax/demo/assets/img/brand/brand_1_5.svg]
[html.themeholy.com/mediax/demo/assets/img/brand/brand_1_6.svg]
[html.themeholy.com/mediax/demo/assets/img/brand/brand_1_7.svg]
[html.themeholy.com/mediax/demo/assets/img/brand/brand_1_8.svg]
[html.themeholy.com/mediax/demo/assets/img/hero/hero_shape_4_1.svg]
[html.themeholy.com/mediax/demo/assets/img/hero/hero_shape_4_2.svg]
[html.themeholy.com/mediax/demo/assets/img/hero/hero_shape_4_3.svg]
[html.themeholy.com/mediax/demo/assets/img/hero/hero_shape_4_4.svg]
[html.themeholy.com/mediax/demo/assets/img/hero/hero_shape_4_5.svg]
[html.themeholy.com/mediax/demo/assets/img/hero/hero_shape_4_6.svg]
[html.themeholy.com/mediax/demo/assets/img/icon/about_feature_1.svg]
[html.themeholy.com/mediax/demo/assets/img/icon/about_feature_2.svg]
[html.themeholy.com/mediax/demo/assets/img/icon/service_grid_1.svg]
[html.themeholy.com/mediax/demo/assets/img/icon/service_grid_2.svg]
[html.themeholy.com/mediax/demo/assets/img/icon/service_grid_3.svg]
[html.themeholy.com/mediax/demo/assets/img/icon/quote_3.svg]
[html.themeholy.com/mediax/demo/assets/img/icon/quote_4.svg]
[html.themeholy.com/mediax/demo/assets/img/icon/eye_feature_1.svg]
[html.themeholy.com/mediax/demo/assets/img/icon/eye_feature_2.svg]
[html.themeholy.com/mediax/demo/assets/img/icon/eye_feature_3.svg]
[html.themeholy.com/mediax/demo/assets/img/icon/eye_feature_4.svg]
[html.themeholy.com/mediax/demo/+1636543569.html]
[html.themeholy.com/mediax/demo/assets/img/hero/hero_shape_5_2.svg]
[html.themeholy.com/mediax/demo/assets/img/hero/hero_shape_5_3.svg]
[html.themeholy.com/mediax/demo/assets/img/hero/hero_shape_5_4.svg]
[html.themeholy.com/mediax/demo/assets/img/icon/feature_card_1.svg]
[html.themeholy.com/mediax/demo/assets/img/icon/feature_card_2.svg]
[html.themeholy.com/mediax/demo/assets/img/icon/feature_card_3.svg]
[html.themeholy.com/mediax/demo/assets/img/icon/service_block_1.svg]
[html.themeholy.com/mediax/demo/assets/img/icon/service_block_2.svg]
[html.themeholy.com/mediax/demo/assets/img/icon/service_block_3.svg]
[html.themeholy.com/mediax/demo/assets/img/icon/service_block_4.svg]
[html.themeholy.com/mediax/demo/assets/img/icon/check_1.svg]
[html.themeholy.com/mediax/demo/assets/img/icon/choose_box_1.svg]
[html.themeholy.com/mediax/demo/assets/img/icon/choose_box_2.svg]
[html.themeholy.com/mediax/demo/assets/img/icon/choose_box_3.svg]
[html.themeholy.com/mediax/demo/assets/img/theme-img/title_icon_white.svg]
[html.themeholy.com/mediax/demo/assets/img/hero/sperm_1.svg]
[html.themeholy.com/mediax/demo/assets/img/hero/sperm_2.svg]
[html.themeholy.com/mediax/demo/assets/img/hero/sperm_3.svg]
[html.themeholy.com/mediax/demo/assets/img/icon/service_card_13.svg]
[html.themeholy.com/mediax/demo/assets/img/icon/service_card_14.svg]
[html.themeholy.com/mediax/demo/assets/img/icon/service_card_15.svg]
[html.themeholy.com/mediax/demo/assets/img/icon/service_card_16.svg]
[html.themeholy.com/mediax/demo/assets/img/icon/service_card_17.svg]
[html.themeholy.com/mediax/demo/assets/img/icon/service_card_18.svg]
[html.themeholy.com/mediax/demo/assets/img/icon/service_card_19.svg]
[html.themeholy.com/mediax/demo/assets/img/icon/service_card_20.svg]
[html.themeholy.com/mediax/demo/assets/img/icon/why_box_1.svg]
[html.themeholy.com/mediax/demo/assets/img/icon/why_box_2.svg]
[html.themeholy.com/mediax/demo/assets/img/icon/why_box_3.svg]
[html.themeholy.com/mediax/demo/assets/img/hero/hero_shape_8_2.svg]
[html.themeholy.com/mediax/demo/assets/img/hero/hero_shape_8_3.svg]
[html.themeholy.com/mediax/demo/assets/img/hero/hero_shape_8_4.svg]
[html.themeholy.com/mediax/demo/assets/img/icon/why_card_1.svg]
[html.themeholy.com/mediax/demo/assets/img/icon/why_card_2.svg]
[html.themeholy.com/mediax/demo/assets/img/icon/why_card_3.svg]
[html.themeholy.com/mediax/demo/assets/img/icon/choose_feature_1.svg]
[html.themeholy.com/mediax/demo/assets/img/icon/choose_feature_2.svg]
[html.themeholy.com/mediax/demo/assets/img/icon/choose_feature_3.svg]
[html.themeholy.com/mediax/demo/assets/img/icon/choose_feature_4.svg]
[html.themeholy.com/mediax/demo/assets/img/icon/service_card_9.svg]
[html.themeholy.com/mediax/demo/assets/img/icon/service_card_10.svg]
[html.themeholy.com/mediax/demo/assets/img/icon/service_card_11.svg]
[html.themeholy.com/mediax/demo/assets/img/icon/service_card_12.svg]
[html.themeholy.com/mediax/demo/assets/img/theme-img/error.svg]
