[www.google.com/index.html]
[backblue.gif]
[fade.gif]
[index.html]
[ssl.gstatic.com/gb/images/b_8d5afc09.png]
[ssl.gstatic.com/s2/oz/images/stars/x.png]
[www.google.com/imghp5881.html]
[www.google.com/preferencesfef7]
[www.google.com/images/branding/googlelogo/1x/googlelogo_white_background_color_272x92dp.png]
[www.google.com/finance/indexee49.html]
[www.google.com/advanced_search6c98.html]
[www.google.com/index.html]
[www.google.com/intl/en/policies/privacy/index.html]
[www.google.com/intl/en/policies/terms/index.html]
[www.google.com/imghpee58.html]
[www.google.com/intl/en_ALL/images/branding/googlelogo/1x/googlelogo_white_background_color_272x92dp.png]
[www.google.com/imghp5881.html]
[www.google.com/finance/index50a0.html]
[www.google.com/advanced_image_search6c98.html]
[www.google.com/finance/POST.16.delayed]
[www.google.com/finance/_/GoogleFinanceUi/manifest.json]
[www.gstatic.com/finance/favicon/favicon.png]
[www.gstatic.com/finance/favicon/finance_v2_120x120.png]
[www.google.com/finance/index.html]
[www.gstatic.com/finance/favicon/finance_v2_152x152.png]
[www.gstatic.com/finance/favicon/finance_v2_167x167.png]
[www.google.com/finance/index721e.html]
[www.gstatic.com/finance/favicon/finance_v2_180x180.png]
[www.gstatic.com/finance/favicon/finance_v2_192x192.png]
[www.gstatic.com/finance/favicon/finance_v2_512x512.png]
[www.google.com/finance/gci_91f30755d6a6b787dcc2a4062e6e9824.1f.delayed]
[ssl.gstatic.com/gb/images/bar/al-icon.png]
[www.google.com/finance/Edg/index.html]
[www.gstatic.com/images/icons/material/system/1x/broken_image_grey600_18dp.png]
[www.google.com/finance/indexfef7.html]
[www.google.com/finance/gbar.22.delayed]
[www.google.com/finance/indexc581.html]
[www.google.com/finance/indexaf70.html]
[www.google.com/finance/index562e.html]
[www.google.com/finance/indexce56.html]
[www.google.com/finance/markets/indexes.html]
[www.google.com/finance/index3a7e.html]
[www.google.com/finance/settings.html]
[www.google.com/finance/indexd294.html]
[www.google.com/finance/indexa3bf.html]
[www.google.com/finance/quote/NIFTY_50_INDEXNSE.html]
[www.google.com/finance/quote/SENSEX_INDEXBOM.html]
[www.google.com/finance/quote/NIFTY_BANK_INDEXNSE.html]
[www.google.com/finance/index539c.html]
[www.google.com/finance/quote/NIFTY_IT_INDEXNSE.html]
[www.google.com/finance/indexecc8.html]
[www.google.com/finance/index0016.html]
[www.google.com/finance/indexaaeb.html]
[www.google.com/finance/quote/BSE-SMLCAP_INDEXBOM.html]
