[kitesconstructions.com/index.html]
[backblue.gif]
[fade.gif]
[index.html]
[kitesconstructions.com/images/favicon/apple-icon-57x57.png]
[kitesconstructions.com/images/favicon/apple-icon-60x60.png]
[kitesconstructions.com/images/favicon/apple-icon-72x72.png]
[kitesconstructions.com/images/favicon/apple-icon-76x76.png]
[kitesconstructions.com/images/favicon/apple-icon-114x114.png]
[kitesconstructions.com/images/favicon/apple-icon-120x120.png]
[kitesconstructions.com/images/favicon/apple-icon-144x144.png]
[kitesconstructions.com/images/favicon/apple-icon-152x152.png]
[kitesconstructions.com/images/favicon/apple-icon-180x180.png]
[kitesconstructions.com/images/favicon/android-icon-192x192.png]
[kitesconstructions.com/images/favicon/favicon-32x32.png]
[kitesconstructions.com/images/favicon/favicon-96x96.png]
[kitesconstructions.com/images/favicon/favicon-16x16.png]
[kitesconstructions.com/images/favicon/manifest.json]
[kitesconstructions.com/images/favicon/ms-icon-144x144.png]
[kitesconstructions.com/dependencies/twentytwenty-master/css/twentytwenty.css]
[kitesconstructions.com/dependencies/lightgallery/css/lightgallery.min.css]
[kitesconstructions.com/dependencies/magnific-popup/magnific-popup.min.css]
[kitesconstructions.com/dependencies/swiper/swiper-bundle.min.css]
[kitesconstructions.com/dependencies/aos/aos.css]
[kitesconstructions.com/css/index/styled917.css]
[kitesconstructions.com/css/styled917.css]
[kitesconstructions.com/css/customd917.css]
[kitesconstructions.com/images/logo.png]
[kitesconstructions.com/about-us.html]
[kitesconstructions.com/services.html]
[kitesconstructions.com/services/residential-construction.html]
[kitesconstructions.com/services/commercial-construction.html]
[kitesconstructions.com/services/turnkey-projects.html]
[kitesconstructions.com/services/architectural-drawing-and-designing.html]
[kitesconstructions.com/services/structural-drawing-and-designing.html]
[kitesconstructions.com/faqs.html]
[kitesconstructions.com/packages.html]
[kitesconstructions.com/kites-design-and-constructions-reviews.html]
[kitesconstructions.com/contact-us.html]
[kitesconstructions.com/images/home/banner/mobile/pic2.webp]
[kitesconstructions.com/images/home/banner/compressed/pic1.webp]
[kitesconstructions.com/images/home/banner/compressed/pic2.webp]
[kitesconstructions.com/images/home/banner/mobile/pic3.webp]
[kitesconstructions.com/images/home/banner/compressed/pic3.webp]
[kitesconstructions.com/images/home/banner/mobile/pic4.webp]
[kitesconstructions.com/images/home/banner/compressed/pic4.webp]
[kitesconstructions.com/images/background/bg2.webp]
[kitesconstructions.com/images/home/work-experience/compressed/pic1.webp]
[kitesconstructions.com/images/home/work-experience/compressed/pic2.webp]
[kitesconstructions.com/images/home/work-experience/compressed/pic3.webp]
[kitesconstructions.com/images/video/home-page-video-thumbnail-500x400.webp]
[kitesconstructions.com/images/video/home-page-video-thumbnail-v2.webp]
[kitesconstructions.com/images/background/bg1.png]
[kitesconstructions.com/images/testimonials/video-thumbnails/mobile/testimonials-combined.webp]
[kitesconstructions.com/images/testimonials/video-thumbnails/testimonials-combined.webp]
[kitesconstructions.com/images/twenty-twenty/pic2-1.webp]
[kitesconstructions.com/images/twenty-twenty/pic2-2.webp]
[kitesconstructions.com/images/footer/footer-bg.webp]
[kitesconstructions.com/images/logo-white-2.png]
[kitesconstructions.com/privacy-policy.html]
[kitesconstructions.com/terms-and-conditions.html]
[kitesconstructions.com/js/jquery.min.js]
[kitesconstructions.com/dependencies/bootstrap/js/bootstrap.bundle.min.js]
[kitesconstructions.com/dependencies/counter/waypoints-min.js]
[kitesconstructions.com/dependencies/counter/counterup.min.js]
[kitesconstructions.com/dependencies/magnific-popup/magnific-popup.js]
[kitesconstructions.com/dependencies/lightgallery/js/lightgallery-all.min.js]
[kitesconstructions.com/dependencies/twentytwenty-master/js/jquery.event.move.js]
[kitesconstructions.com/dependencies/twentytwenty-master/js/jquery.twentytwenty.js]
[kitesconstructions.com/dependencies/swiper/swiper-bundle.min.js]
[kitesconstructions.com/dependencies/aos/aos.js]
[kitesconstructions.com/js/dz.carousel.js]
[cdnjs.cloudflare.com/ajax/libs/jquery.lazy/1.7.11/jquery.lazy.min.js]
[cdnjs.cloudflare.com/ajax/libs/jquery.lazy/1.7.11/jquery.lazy.plugins.js]
[cdnjs.cloudflare.com/ajax/libs/jquery-validate/1.19.5/jquery.validate.min.js]
[cdnjs.cloudflare.com/ajax/libs/jquery-validate/1.19.5/additional-methods.min.js]
[kitesconstructions.com/js/customd917.js]
[kitesconstructions.com/index.html]
[kitesconstructions.com/js/custom-webnined917.js]
[kitesconstructions.com/dependencies/twentytwenty-master/css/twentytwenty.css]
[kitesconstructions.com/dependencies/lightgallery/fonts/lgd641.eot]
[kitesconstructions.com/dependencies/lightgallery/fonts/lgd41d.eot]
[kitesconstructions.com/dependencies/lightgallery/fonts/lgd641.woff]
[kitesconstructions.com/dependencies/lightgallery/fonts/lgd641.ttf]
[kitesconstructions.com/dependencies/lightgallery/fonts/lgd641.svg]
[kitesconstructions.com/dependencies/lightgallery/img/vimeo-play.png]
[kitesconstructions.com/dependencies/lightgallery/img/video-play.png]
[kitesconstructions.com/dependencies/lightgallery/img/youtube-play.png]
[kitesconstructions.com/dependencies/lightgallery/img/loading.gif]
[kitesconstructions.com/dependencies/lightgallery/css/lightgallery.min.css]
[kitesconstructions.com/dependencies/magnific-popup/magnific-popup.min.css]
[kitesconstructions.com/dependencies/swiper/swiper-bundle.min.css]
[kitesconstructions.com/dependencies/aos/aos.css]
[kitesconstructions.com/icons/line-awesome/css/line-awesome.min.css]
[kitesconstructions.com/icons/font-awesome/css/all.min.css]
[kitesconstructions.com/icons/flaticon/flaticon.css]
[kitesconstructions.com/icons/themify/themify-icons.css]
[kitesconstructions.com/images/background/bg2-1.webp]
[kitesconstructions.com/css/index/styled917.css]
[kitesconstructions.com/images/quote-1.png]
[kitesconstructions.com/images/white-twill.png]
[kitesconstructions.com/images/black-twill.png]
[kitesconstructions.com/images/background/under-construct.jpg]
[kitesconstructions.com/images/background/pattern2.png]
[kitesconstructions.com/css/styled917.css]
[kitesconstructions.com/css/customd917.css]
[www.googletagmanager.com/gtm5445.html]
[kitesconstructions.com/css/about-us/styled917.css]
[kitesconstructions.com/images/background/about-us-banner.webp]
[kitesconstructions.com/images/about/best-construction-companies-near-me.webp]
[kitesconstructions.com/images/about/right-quality-in-right-time.webp]
[kitesconstructions.com/images/value-added-services/value-engineering.webp]
[kitesconstructions.com/images/value-added-services/execution-planning.webp]
[kitesconstructions.com/images/value-added-services/resource-planning.webp]
[kitesconstructions.com/images/value-added-services/project-management.webp]
[kitesconstructions.com/images/value-added-services/cost-estimation.webp]
[kitesconstructions.com/images/value-added-services/conceptual-scheduling.webp]
[kitesconstructions.com/images/value-added-services/artchitectural-drawing.webp]
[kitesconstructions.com/images/value-added-services/structural-designing.webp]
[kitesconstructions.com/images/value-added-services/government-approvals.webp]
[kitesconstructions.com/images/about/you-dream-it-we-buiild-it-mobile.webp]
[kitesconstructions.com/images/about/you-dream-it-we-buiild-it.webp]
[kitesconstructions.com/js/dz.ajax.js]
[kitesconstructions.com/about-us.html]
[kitesconstructions.com/css/services/styled917.css]
[kitesconstructions.com/images/background/our-services-bnr.webp]
[kitesconstructions.com/services.html]
[kitesconstructions.com/services/residential-construction.html]
[kitesconstructions.com/services/commercial-construction.html]
[kitesconstructions.com/services/turnkey-projects.html]
[kitesconstructions.com/services/architectural-drawing-and-designing.html]
[kitesconstructions.com/services/structural-drawing-and-designing.html]
[kitesconstructions.com/css/faqs/styled917.css]
[kitesconstructions.com/css/common/customd917.css]
[kitesconstructions.com/images/banner/bnr4.jpg]
[kitesconstructions.com/images/services/pic1.webp]
[kitesconstructions.com/images/services/pic2.webp]
[kitesconstructions.com/images/services/pic3.webp]
[kitesconstructions.com/images/services/pic4.webp]
[kitesconstructions.com/faqs.html]
[kitesconstructions.com/css/packages/styled917.css]
[kitesconstructions.com/packages.html]
[kitesconstructions.com/images/background/packages-bnr.webp]
[kitesconstructions.com/images/testimonials/video-thumbnails/mobile/lakshman-shetty-3bhk-house-at-40-laksh-video-thumbnail.webp]
[kitesconstructions.com/images/testimonials/video-thumbnails/lakshman-shetty-3bhk-house-at-40-laksh-video-thumbnail.webp]
[kitesconstructions.com/images/testimonials/video-thumbnails/mobile/vasudev-amazing-house-in-half-site-video-thumbnail.webp]
[kitesconstructions.com/images/testimonials/video-thumbnails/vasudev-amazing-house-in-half-site-video-thumbnail.webp]
[kitesconstructions.com/images/testimonials/video-thumbnails/mobile/padmavathi-affordable-house-video-thumbnail.webp]
[kitesconstructions.com/images/testimonials/video-thumbnails/padmavathi-affordable-house-video-thumbnail.webp]
[kitesconstructions.com/images/testimonials/video-thumbnails/mobile/rakesh-3bhk-duplex-video-thumbnail.webp]
[kitesconstructions.com/images/testimonials/video-thumbnails/rakesh-3bhk-duplex-video-thumbnail.webp]
[kitesconstructions.com/kites-design-and-constructions-reviews.html]
[kitesconstructions.com/images/background/contact-us-banner.webp]
[www.google.com/recaptcha/api.js]
[kitesconstructions.com/contact-us.html]
[kitesconstructions.com/privacy-policy.html]
[kitesconstructions.com/terms-and-conditions.html]
[kitesconstructions.com/js/jquery.min.js]
[kitesconstructions.com/dependencies/bootstrap/js/bootstrap.bundle.min.js]
[kitesconstructions.com/dependencies/counter/waypoints-min.js]
[kitesconstructions.com/dependencies/counter/counterup.min.js]
[kitesconstructions.com/dependencies/magnific-popup/magnific-popup.js]
[kitesconstructions.com/dependencies/lightgallery/js/lightgallery-all.min.js]
[kitesconstructions.com/dependencies/twentytwenty-master/js/jquery.event.move.js]
[kitesconstructions.com/dependencies/twentytwenty-master/js/jquery.twentytwenty.js]
[kitesconstructions.com/dependencies/swiper/swiper-bundle.min.js]
[kitesconstructions.com/dependencies/aos/aos.js]
[kitesconstructions.com/js/dz.carousel.js]
[kitesconstructions.com/js/customd917.js]
[kitesconstructions.com/js/custom-webnined917.js]
[kitesconstructions.com/dependencies/lightgallery/fonts/lgd641.svg]
[kitesconstructions.com/thank-you-for-submitting-your-informtion.html]
[kitesconstructions.com/icons/line-awesome/fonts/la-brands-400d41d.eot]
[kitesconstructions.com/icons/line-awesome/fonts/la-brands-400.eot]
[kitesconstructions.com/icons/line-awesome/fonts/la-brands-400.woff2]
[kitesconstructions.com/icons/line-awesome/fonts/la-brands-400.woff]
[kitesconstructions.com/icons/line-awesome/fonts/la-brands-400.ttf]
[kitesconstructions.com/icons/line-awesome/fonts/la-brands-400.svg]
[kitesconstructions.com/icons/line-awesome/fonts/la-regular-400.eot]
[kitesconstructions.com/icons/line-awesome/fonts/la-regular-400d41d.eot]
[kitesconstructions.com/icons/line-awesome/fonts/la-regular-400.woff2]
[kitesconstructions.com/icons/line-awesome/fonts/la-regular-400.woff]
[kitesconstructions.com/icons/line-awesome/fonts/la-regular-400.ttf]
[kitesconstructions.com/icons/line-awesome/fonts/la-regular-400.svg]
[kitesconstructions.com/icons/line-awesome/fonts/la-solid-900.eot]
[kitesconstructions.com/icons/line-awesome/fonts/la-solid-900d41d.eot]
[kitesconstructions.com/icons/line-awesome/fonts/la-solid-900.woff2]
[kitesconstructions.com/icons/line-awesome/fonts/la-solid-900.woff]
[kitesconstructions.com/icons/line-awesome/fonts/la-solid-900.ttf]
[kitesconstructions.com/icons/line-awesome/css/line-awesome.min.css]
[kitesconstructions.com/icons/line-awesome/fonts/la-solid-900.svg]
[kitesconstructions.com/icons/font-awesome/webfonts/fa-brands-400.eot]
[kitesconstructions.com/icons/font-awesome/webfonts/fa-brands-400d41d.eot]
[kitesconstructions.com/icons/font-awesome/webfonts/fa-brands-400.woff2]
[kitesconstructions.com/icons/font-awesome/webfonts/fa-brands-400.woff]
[kitesconstructions.com/icons/font-awesome/webfonts/fa-brands-400.ttf]
[kitesconstructions.com/icons/font-awesome/webfonts/fa-brands-400.svg]
[kitesconstructions.com/icons/font-awesome/webfonts/fa-regular-400.eot]
[kitesconstructions.com/icons/font-awesome/webfonts/fa-regular-400d41d.eot]
[kitesconstructions.com/icons/font-awesome/webfonts/fa-regular-400.woff2]
[kitesconstructions.com/icons/font-awesome/webfonts/fa-regular-400.woff]
[kitesconstructions.com/icons/font-awesome/webfonts/fa-regular-400.ttf]
[kitesconstructions.com/icons/font-awesome/webfonts/fa-regular-400.svg]
[kitesconstructions.com/icons/font-awesome/webfonts/fa-solid-900.eot]
[kitesconstructions.com/icons/font-awesome/webfonts/fa-solid-900d41d.eot]
[kitesconstructions.com/icons/font-awesome/webfonts/fa-solid-900.woff2]
[kitesconstructions.com/icons/font-awesome/webfonts/fa-solid-900.woff]
[kitesconstructions.com/icons/font-awesome/webfonts/fa-solid-900.ttf]
[kitesconstructions.com/icons/font-awesome/css/all.min.css]
[kitesconstructions.com/icons/font-awesome/webfonts/fa-solid-900.svg]
[kitesconstructions.com/icons/flaticon/flaticon55d9.ttf]
[kitesconstructions.com/icons/flaticon/flaticon55d9.woff]
[kitesconstructions.com/icons/flaticon/flaticon55d9.woff2]
[kitesconstructions.com/icons/flaticon/flaticon55d9.eot]
[kitesconstructions.com/icons/flaticon/flaticon.css]
[kitesconstructions.com/icons/flaticon/flaticon55d9.svg]
[kitesconstructions.com/icons/themify/fonts/themify9f24.eot]
[kitesconstructions.com/icons/themify/fonts/themifyd41d.eot]
[kitesconstructions.com/icons/themify/fonts/themify9f24.woff]
[kitesconstructions.com/icons/themify/fonts/themify9f24.ttf]
[kitesconstructions.com/icons/themify/themify-icons.css]
[kitesconstructions.com/css/index/images/quote-1.html]
[kitesconstructions.com/images/hero/5.html]
[kitesconstructions.com/css/index/images/main-slider/bg-line-1.html]
[kitesconstructions.com/css/index/images/black-twill.html]
[kitesconstructions.com/images/icon/download-icon2.html]
[kitesconstructions.com/images/icon/download-icon1.html]
[kitesconstructions.com/images/main-slider/bg-line-1.html]
[kitesconstructions.com/images/banner/pattern1.html]
[kitesconstructions.com/images/banner/pattern2.html]
[kitesconstructions.com/images/pattern/line1.html]
[kitesconstructions.com/css/about-us/styled917.css]
[kitesconstructions.com/js/dz.ajax.js]
[kitesconstructions.com/css/services/styled917.css]
[kitesconstructions.com/css/faqs/styled917.css]
[kitesconstructions.com/css/common/customd917.css]
[kitesconstructions.com/css/packages/styled917.css]
[kitesconstructions.com/css/packages/custom.cssd917.html]
[kitesconstructions.com/office@kitesconstructions.html]
[kitesconstructions.com/e.html]
[kitesconstructions.com/a.params.html]
[kitesconstructions.com/dist/index.html]
[kitesconstructions.com/images/loading.html]
[kitesconstructions.com/images/logo-2.html]
[kitesconstructions.com/images/logo-3.html]
[kitesconstructions.com/images/logo-white.html]
[kitesconstructions.com/thank-you-for-submitting-your-informtion.html]
[kitesconstructions.com/icons/themify/fonts/themify9f24.svg]
[kitesconstructions.com/icons/line-awesome/fonts/la-brands-400.svg]
[kitesconstructions.com/icons/line-awesome/fonts/la-regular-400.svg]
[kitesconstructions.com/icons/line-awesome/fonts/la-solid-900.svg]
[kitesconstructions.com/icons/font-awesome/webfonts/fa-brands-400.svg]
[kitesconstructions.com/icons/font-awesome/webfonts/fa-regular-400.svg]
[kitesconstructions.com/icons/font-awesome/webfonts/fa-solid-900.svg]
[kitesconstructions.com/icons/flaticon/flaticon55d9.svg]
[kitesconstructions.com/icons/themify/fonts/themify9f24.svg]
[/images/favicon/apple-icon-57x57.png]
[/images/favicon/apple-icon-60x60.png]
[/images/favicon/apple-icon-72x72.png]
[/images/favicon/apple-icon-76x76.png]
[/images/favicon/apple-icon-114x114.png]
[/images/favicon/apple-icon-120x120.png]
[/images/favicon/apple-icon-144x144.png]
[/images/favicon/apple-icon-152x152.png]
[/images/favicon/apple-icon-180x180.png]
[/images/favicon/android-icon-192x192.png]
[/images/favicon/favicon-32x32.png]
[/images/favicon/favicon-96x96.png]
[/images/favicon/favicon-16x16.png]
[/images/favicon/ms-icon-144x144.png]
[/dependencies/twentytwenty-master/css/twentytwenty.css]
[/dependencies/lightgallery/css/lightgallery.min.css]
[/dependencies/magnific-popup/magnific-popup.min.css]
[/dependencies/swiper/swiper-bundle.min.css]
[/dependencies/aos/aos.css]
[/css/residential-construction/styled917.css]
[/css/common/customd917.css]
[/css/styled917.css]
[/css/customd917.css]
[/images/logo.png]
[/images/background/bg1.png]
[/images/logo-white-2.png]
[/js/jquery.min.js]
[/dependencies/bootstrap/js/bootstrap.bundle.min.js]
[/dependencies/counter/waypoints-min.js]
[/dependencies/counter/counterup.min.js]
[/dependencies/magnific-popup/magnific-popup.js]
[/dependencies/lightgallery/js/lightgallery-all.min.js]
[/dependencies/twentytwenty-master/js/jquery.event.move.js]
[/dependencies/twentytwenty-master/js/jquery.twentytwenty.js]
[/dependencies/swiper/swiper-bundle.min.js]
[/dependencies/aos/aos.js]
[/js/dz.carousel.js]
[/js/dz.ajax.js]
[/js/customd917.js]
[/js/custom-webnined917.js]
[/css/commercial-construction/styled917.css]
[/css/turnkey-projects/styled917.css]
[/css/architectural-drawing-and-designing/styled917.css]
[/css/structural-drawing-and-designing/styled917.css]
